// Jest Snapshot v1, https://goo.gl/fbAQLP

exports[`snapshot test snapshot test 1`] = `2`;
